// Jest Snapshot v1, https://goo.gl/fbAQLP

exports[`snapshot Account snapshot 1`] = `
<div
  className="App"
>
  <TopBar />
  <Summary />
  <Details />
</div>
`;
