// Jest Snapshot v1, https://goo.gl/fbAQLP

exports[`snapshot Details snapshot 1`] = `
<div
  className="details"
>
  <h2>
    Vulnerabilities found
  </h2>
  <Table />
</div>
`;
