// Jest Snapshot v1, https://goo.gl/fbAQLP

exports[`snapshot SeverityItem snapshot 1`] = `
<li
  className="severityContainer"
>
  <span />
  <div
    className="zero"
    style={
      Object {
        "width": "10rem",
      }
    }
  >
    <span />
  </div>
</li>
`;
