// Jest Snapshot v1, https://goo.gl/fbAQLP

exports[`snapshot Summary snapshot 1`] = `
<div
  className="summary"
>
  <h1>
    Monthly Vulnerability Scan
  </h1>
  <h2>
    Summary
  </h2>
  <div
    className="summaryContainer"
  >
    <div
      className="status"
    >
      <p>
        Status: 
        completed
      </p>
      <p>
        Scan started: 
        <t
          ago={false}
          calendar={false}
          decimal={false}
          element={null}
          filter={[Function]}
          format="Dd MMM HH:mm"
          fromNow={false}
          interval={60000}
          local={false}
          onChange={[Function]}
          titleFormat=""
          toNow={false}
          unit={null}
          unix={false}
          utc={false}
          withTitle={false}
        >
          2020-01-01T00:00:00.000Z
        </t>
      </p>
    </div>
    <div
      className="assets"
    >
      <p>
        Scanned: 
      </p>
      <ul>
        <li
          className="asset"
          key="0"
        >
          Email server
           (
          T09277
          )
        </li>
        <li
          className="asset"
          key="1"
        >
          Main Database
           (
          T09320
          )
        </li>
        <li
          className="asset"
          key="2"
        >
          Firewall
           (
          T09746
          )
        </li>
      </ul>
    </div>
    <div
      className="severities"
    >
      <p>
        Severities found:  
      </p>
      <ul>
        <SeverityItem
          count={0}
          key="0"
          severity="critical"
        />
        <SeverityItem
          count={2}
          key="1"
          severity="high"
        />
        <SeverityItem
          count={2}
          key="2"
          severity="medium"
        />
        <SeverityItem
          count={1}
          key="3"
          severity="low"
        />
        <SeverityItem
          count={2}
          key="4"
          severity="information"
        />
      </ul>
    </div>
  </div>
</div>
`;
