// Jest Snapshot v1, https://goo.gl/fbAQLP

exports[`snapshot TableRow snapshot 1`] = `
<Fragment>
  <tr>
    <td
      className="mainRow"
    >
      <p
        className="warning undefined"
      />
    </td>
    <td
      className="mainRow"
    />
    <td
      className="mainRow"
    />
    <td
      className="mainRow"
    />
    <td
      className="mainRow"
    >
      <p
        className="infoButton"
        onClick={[Function]}
      >
        ...
      </p>
    </td>
  </tr>
</Fragment>
`;
