// Jest Snapshot v1, https://goo.gl/fbAQLP

exports[`snapshot TopBar snapshot 1`] = `
<div
  className="topBar"
>
  <span>
    Welcome 
    Joe
  </span>
  <div
    className="rightMenu"
  >
    <Notifications
      notifications={
        Array [
          Object {
            "date": "2020-01-01T00:24:29.000Z",
            "id": 232,
            "message": "Scan Complete (Monthly Vulnerability Scan)",
            "read": false,
          },
          Object {
            "date": "2019-12-01T00:22:16.000Z",
            "id": 230,
            "message": "Scan Complete (Monthly Vulnerability Scan)",
            "read": true,
          },
        ]
      }
    />
    <Account
      email="jane.doe@nccgroup.com"
      name="Joe"
    />
  </div>
</div>
`;
